// Jest Snapshot v1, https://goo.gl/fbAQLP

exports[`renders a footer component 1`] = `
<div>
  <div
    className="footer"
  >
    <span>
      Created by Giuliano Gabella
    </span>
    <a
      className="favicon-link"
      href="https://icons8.com/icon/Z6RmPnIUvybQ/photo-gallery"
    >
      Photo Gallery icon by Icons8
    </a>
  </div>
</div>
`;
