// Jest Snapshot v1, https://goo.gl/fbAQLP

exports[`renders a header component 1`] = `
<div
  className="header"
>
  <NavLink
    className="app-name"
    to="/"
  >
    <h1
      className="title"
    >
      PhotoShare
    </h1>
  </NavLink>
</div>
`;
