// Jest Snapshot v1, https://goo.gl/fbAQLP

exports[`expect to render a PostTile component 1`] = `
<div
  className="post-tile"
>
  <img
    alt="post-pic"
    className="post-tile-image"
    onClick={[Function]}
    src="data:image/jpeg;base64,hello"
  />
</div>
`;
