// Jest Snapshot v1, https://goo.gl/fbAQLP

exports[`renders a user-suggestions component 1`] = `
<div
  className="user-suggestions-dropdown"
/>
`;
