// Jest Snapshot v1, https://goo.gl/fbAQLP

exports[`renders a feed page component 1`] = `
<div
  className="feed-page"
>
  <div
    className="no-franz"
  >
    Follow users to see their recent posts here
  </div>
</div>
`;
