// Jest Snapshot v1, https://goo.gl/fbAQLP

exports[`renders a not-found page component 1`] = `
<div
  className="not-found-page"
>
  <h2
    className="not-found-header"
  >
    Sorry, this page isn't available.
  </h2>
  <div
    className="not-found-body"
  >
    <span
      className="not-found-body-text"
    >
      The link you followed may be broken, or the page may have been removed.
      <NavLink
        className="link-text"
        to="/me"
      >
         
        Go back to PhotoShare.
      </NavLink>
    </span>
  </div>
</div>
`;
