// Jest Snapshot v1, https://goo.gl/fbAQLP

exports[`renders a my-profile-page component 1`] = `
<div
  className="profile-page"
>
  <div
    className="user-bio"
  >
    <div
      className="avatar-and-details"
    >
      <div
        className="avatar"
      >
        <div
          className="user-bio-photo-placeholder"
        >
          <span
            className="user-bio-photo-placeholder-text"
          >
            No photo
          </span>
        </div>
      </div>
      <div
        className="user-details"
      >
        <div
          className="username-and-follow"
        >
          <span
            className="user-username"
          />
          <div
            className="follow-profile"
          >
            <span
              className="follow-text"
              onClick={[Function]}
            >
              Follow
            </span>
          </div>
        </div>
        <div
          className="follow-profile-narrow-screen"
        >
          <span
            className="follow-narrow-text"
            onClick={[Function]}
          >
            Follow
          </span>
        </div>
        <span
          className="user-posts"
        >
          0
           Posts
        </span>
        <div
          className="name-and-bio"
        >
          <span
            className="user-name"
          />
          <span
            className="user-bio"
          />
        </div>
      </div>
    </div>
    <div
      className="name-and-bio-narrow-screen"
    >
      <span
        className="user-name-narrow"
      />
      <span
        className="user-bio-narrow"
      />
    </div>
    <div
      className="user-posts-narrow-screen"
    >
      <ul
        className="stats-list"
      >
        <li
          className="stats-item"
        >
          0
           Posts
        </li>
      </ul>
    </div>
  </div>
  <div
    className="posts-grid"
  />
  <PostModal
    caption=""
    createdAt={2021-01-09T22:39:39.945Z}
    fileString=""
    location=""
    onHide={[Function]}
    onOptionsClick={[Function]}
    show={false}
    userName=""
    userProfilePhotoFile=""
  />
  <PostOptionsModal
    archive={[Function]}
    onHide={[Function]}
    show={false}
  />
</div>
`;
